// Jest Snapshot v1, https://goo.gl/fbAQLP

exports[`<ResultList /> should match snapshots 1`] = `
<ResultList
  onSelect={[MockFunction]}
  results={
    Array [
      Object {
        "PMID": "1",
        "author": Array [
          Object {
            "family": "Doe",
            "given": "John",
          },
          Object {
            "family": "Smith",
            "given": "Jan",
          },
          Object {
            "family": "Brown",
            "given": "Pamela",
          },
          Object {
            "family": "Clark",
            "given": "Steve",
          },
        ],
        "container-title-short": "J Test 1",
        "id": "1",
        "issued": Object {
          "date-parts": Array [
            Array [
              "2016",
              "05",
              "01",
            ],
          ],
        },
        "title": "Test Title 1",
      },
      Object {
        "PMID": "2",
        "author": Array [
          Object {
            "family": "Doe",
            "given": "John",
          },
          Object {
            "family": "Smith",
            "given": "Jan",
          },
          Object {
            "family": "Brown",
            "given": "Pamela",
          },
          Object {
            "family": "Clark",
            "given": "Steve",
          },
        ],
        "container-title-short": "J Test 2",
        "id": "2",
        "issued": Object {
          "date-parts": Array [
            Array [
              "2016",
              "05",
              "01",
            ],
          ],
        },
        "title": "Test Title 2",
      },
    ]
  }
>
  <div
    className="main"
    onWheel={[Function]}
  >
    <div
      className="result"
      key="1"
    >
      <div
        className="row1"
      >
        <span
          className="source"
        />
        <span>
          2016
        </span>
      </div>
      <div
        className="row2"
        dangerouslySetInnerHTML={
          Object {
            "__html": "Test Title 1",
          }
        }
      />
      <div
        className="row3"
      >
        <div>
          Doe, J, Smith, J, Brown, P
        </div>
        <div
          className="buttonGroup"
        >
          <Button
            flat={true}
            focusable={true}
            href="https://www.ncbi.nlm.nih.gov/pubmed/1"
            label="View"
            type="button"
          >
            <span>
              <button
                aria-label="View"
                className="btn btnFocusable btnFlat"
                onClick={[Function]}
                type="button"
              >
                View
              </button>
            </span>
          </Button>
          <Button
            flat={true}
            focusable={true}
            id="1"
            label="Select"
            onClick={[Function]}
            primary={true}
            type="button"
          >
            <span>
              <button
                aria-label="Select"
                className="btn btnFocusable btnPrimary btnFlat"
                id="1"
                onClick={[Function]}
                type="button"
              >
                Select
              </button>
            </span>
          </Button>
        </div>
      </div>
    </div>
    <div
      className="result"
      key="2"
    >
      <div
        className="row1"
      >
        <span
          className="source"
        />
        <span>
          2016
        </span>
      </div>
      <div
        className="row2"
        dangerouslySetInnerHTML={
          Object {
            "__html": "Test Title 2",
          }
        }
      />
      <div
        className="row3"
      >
        <div>
          Doe, J, Smith, J, Brown, P
        </div>
        <div
          className="buttonGroup"
        >
          <Button
            flat={true}
            focusable={true}
            href="https://www.ncbi.nlm.nih.gov/pubmed/2"
            label="View"
            type="button"
          >
            <span>
              <button
                aria-label="View"
                className="btn btnFocusable btnFlat"
                onClick={[Function]}
                type="button"
              >
                View
              </button>
            </span>
          </Button>
          <Button
            flat={true}
            focusable={true}
            id="2"
            label="Select"
            onClick={[Function]}
            primary={true}
            type="button"
          >
            <span>
              <button
                aria-label="Select"
                className="btn btnFocusable btnPrimary btnFlat"
                id="2"
                onClick={[Function]}
                type="button"
              >
                Select
              </button>
            </span>
          </Button>
        </div>
      </div>
    </div>
  </div>
</ResultList>
`;

exports[`<ResultList /> should match snapshots 2`] = `
<ResultList
  onSelect={[MockFunction]}
  results={Array []}
>
  <div
    className="main"
    onWheel={[Function]}
  />
</ResultList>
`;
