// Jest Snapshot v1, https://goo.gl/fbAQLP

exports[`<ResultList /> should match snapshots 1`] = `
<ResultList
  onSelect={[Function]}
  results={
    Array [
      Object {
        "authors": Array [
          Object {
            "authtype": "Author",
            "name": "Author 1",
          },
          Object {
            "authtype": "Author",
            "name": "Author 2",
          },
          Object {
            "authtype": "Author",
            "name": "Author 3",
          },
          Object {
            "authtype": "Author",
            "name": "NOT VISIBLE",
          },
        ],
        "pubdate": "2016 May 1",
        "source": "J Test 1",
        "title": "Test Title 1",
        "uid": "1",
      },
      Object {
        "authors": Array [
          Object {
            "authtype": "Author",
            "name": "Author 1",
          },
          Object {
            "authtype": "Author",
            "name": "Author 2",
          },
          Object {
            "authtype": "Author",
            "name": "Author 3",
          },
          Object {
            "authtype": "Author",
            "name": "NOT VISIBLE",
          },
        ],
        "pubdate": "2016 May 1",
        "source": "J Test 2",
        "title": "Test Title 2",
        "uid": "2",
      },
    ]
  }
>
  <div
    className="result-list"
    onWheel={[Function]}
  >
    <div
      className="result-item"
    >
      <div
        className="result-item__row-1"
      >
        <div
          className="result-item__source"
        >
          J Test 1
        </div>
        <div>
          2016
        </div>
      </div>
      <div
        className="result-item__row-2"
        dangerouslySetInnerHTML={
          Object {
            "__html": "Test Title 1",
          }
        }
      />
      <div
        className="result-item__row-3"
      >
        <div>
          Author 1, Author 2, Author 3
        </div>
        <div
          className="result-item__buttons"
        >
          <Button
            flat={true}
            focusable={true}
            href="https://www.ncbi.nlm.nih.gov/pubmed/1"
            label="View"
            type="button"
          >
            <div>
              <button
                className="focusable btn-flat"
                onClick={[Function]}
                type="button"
              >
                View
              </button>
              <style
                jsx={true}
              >
                
                    button {
                        -webkit-appearance: none;
                        -webkit-touch-callout: none;
                        -webkit-user-select: none;
                        -khtml-user-select: none;
                        -moz-user-select: none;
                        -ms-user-select: none;
                        user-select: none;
                        background: white;
                        box-sizing: border-box;
                        color: #555555;
                        background-image: none;
                        border: none;
                        border-radius: 2px;
                        box-shadow: 0 1px 3px rgba(0, 0, 0, .12), 0 1px 2px rgba(0, 0, 0, .24);
                        cursor: pointer;
                        display: inline-block;
                        font-size: 13px;
                        font-weight: 500;
                        height: 36px;
                        line-height: 36px;
                        min-width: 64px;
                        outline: 0;
                        padding: 0 16px;
                        text-align: center;
                        text-decoration: none;
                        text-transform: uppercase;
                        transition: 
            box-shadow .2s cubic-bezier(0.4, 0, 1, 1),
            background-color .2s cubic-bezier(0.4, 0, 0.2, 1),
            color .2s cubic-bezier(0.4, 0, 0.2, 1)
        ;
                        vertical-align: middle;
                        white-space: nowrap;
                    }
                    button:hover {
                        box-shadow: 0 3px 6px rgba(0, 0, 0, .16), 0 3px 6px rgba(0, 0, 0, .23);
                    }
                    button:active {
                        box-shadow: 0 3px 6px rgba(0, 0, 0, .16), 0 3px 6px rgba(0, 0, 0, .23);
                    }
                    button:active:hover {
                        box-shadow: 0 10px 20px rgba(0, 0, 0, .19), 0 6px 6px rgba(0, 0, 0, .23);
                        background: rgba(0, 0, 0, 0.12);
                    }
                    button:disabled {
                        pointer-events: none !important;
                        color: #a0a5aa !important;
                    }
                    button.focusable:focus {
                        outline: 1.1px auto rgba(19, 124, 189, 0.5);
                        outline-offset: 2px;
                    }
                    button.focusable:focus:active {
                        outline: 0;
                    }
                    .btn-flat,
                    .btn-flat.btn-primary {
                        background: rgba(0, 0, 0, 0);
                        box-shadow: none !important;
                    }
                    .btn-flat:hover,
                    .btn-flat.btn-primary:hover {
                        background: rgba(158, 158, 158, 0.2);
                    }
                    .btn-flat:active,
                    .btn-flat.btn-primary:active {
                        background: rgba(13, 13, 13, 0.12);
                    }
                    .btn-flat:hover:active,
                    .btn-flat.btn-primary:hover:active {
                        background: rgba(0, 0, 0, 0.12);
                    }
                    .btn-flat.btn-primary {
                        color: #0085ba;
                    }
                    .btn-primary {
                        background: #0085ba;
                        color: white;
                    }
                    .btn-primary:active:hover {
                        background: #007aab;
                    }
                    .btn-primary:disabled {
                        opacity: 0.6;
                        box-shadow: none;
                        color: white !important;
                    }
                    .btn-icon {
                        border-radius: 50%;
                        font-size: 24px;
                        height: 32px;
                        margin: auto 0;
                        min-width: 32px;
                        width: 32px;
                        padding: 0;
                        line-height: normal;
                    }
                    .btn-icon:hover {
                        color: #555555;
                    }

                    .dashicons {
                        line-height: 32px !important;
                        width: 32px;
                        height: 32px;
                    }
                    .dashicons-migrate {
                        transform: rotateY(180deg);
                        padding-left: 5px;
                    }
                    .dashicons-minus {
                        font-weight: 900;
                    }
                    .dashicons-menu,
                    .dashicons-no-alt {
                        font-size: 25px;
                    }
                    .dashicons-plus {
                        padding-top: 2px;
                    }
                
              </style>
            </div>
          </Button>
          <Button
            flat={true}
            focusable={true}
            id="1"
            label="Select"
            onClick={[Function]}
            primary={true}
            type="button"
          >
            <div>
              <button
                className="focusable btn-primary btn-flat"
                id="1"
                onClick={[Function]}
                type="button"
              >
                Select
              </button>
              <style
                jsx={true}
              >
                
                    button {
                        -webkit-appearance: none;
                        -webkit-touch-callout: none;
                        -webkit-user-select: none;
                        -khtml-user-select: none;
                        -moz-user-select: none;
                        -ms-user-select: none;
                        user-select: none;
                        background: white;
                        box-sizing: border-box;
                        color: #555555;
                        background-image: none;
                        border: none;
                        border-radius: 2px;
                        box-shadow: 0 1px 3px rgba(0, 0, 0, .12), 0 1px 2px rgba(0, 0, 0, .24);
                        cursor: pointer;
                        display: inline-block;
                        font-size: 13px;
                        font-weight: 500;
                        height: 36px;
                        line-height: 36px;
                        min-width: 64px;
                        outline: 0;
                        padding: 0 16px;
                        text-align: center;
                        text-decoration: none;
                        text-transform: uppercase;
                        transition: 
            box-shadow .2s cubic-bezier(0.4, 0, 1, 1),
            background-color .2s cubic-bezier(0.4, 0, 0.2, 1),
            color .2s cubic-bezier(0.4, 0, 0.2, 1)
        ;
                        vertical-align: middle;
                        white-space: nowrap;
                    }
                    button:hover {
                        box-shadow: 0 3px 6px rgba(0, 0, 0, .16), 0 3px 6px rgba(0, 0, 0, .23);
                    }
                    button:active {
                        box-shadow: 0 3px 6px rgba(0, 0, 0, .16), 0 3px 6px rgba(0, 0, 0, .23);
                    }
                    button:active:hover {
                        box-shadow: 0 10px 20px rgba(0, 0, 0, .19), 0 6px 6px rgba(0, 0, 0, .23);
                        background: rgba(0, 0, 0, 0.12);
                    }
                    button:disabled {
                        pointer-events: none !important;
                        color: #a0a5aa !important;
                    }
                    button.focusable:focus {
                        outline: 1.1px auto rgba(19, 124, 189, 0.5);
                        outline-offset: 2px;
                    }
                    button.focusable:focus:active {
                        outline: 0;
                    }
                    .btn-flat,
                    .btn-flat.btn-primary {
                        background: rgba(0, 0, 0, 0);
                        box-shadow: none !important;
                    }
                    .btn-flat:hover,
                    .btn-flat.btn-primary:hover {
                        background: rgba(158, 158, 158, 0.2);
                    }
                    .btn-flat:active,
                    .btn-flat.btn-primary:active {
                        background: rgba(13, 13, 13, 0.12);
                    }
                    .btn-flat:hover:active,
                    .btn-flat.btn-primary:hover:active {
                        background: rgba(0, 0, 0, 0.12);
                    }
                    .btn-flat.btn-primary {
                        color: #0085ba;
                    }
                    .btn-primary {
                        background: #0085ba;
                        color: white;
                    }
                    .btn-primary:active:hover {
                        background: #007aab;
                    }
                    .btn-primary:disabled {
                        opacity: 0.6;
                        box-shadow: none;
                        color: white !important;
                    }
                    .btn-icon {
                        border-radius: 50%;
                        font-size: 24px;
                        height: 32px;
                        margin: auto 0;
                        min-width: 32px;
                        width: 32px;
                        padding: 0;
                        line-height: normal;
                    }
                    .btn-icon:hover {
                        color: #555555;
                    }

                    .dashicons {
                        line-height: 32px !important;
                        width: 32px;
                        height: 32px;
                    }
                    .dashicons-migrate {
                        transform: rotateY(180deg);
                        padding-left: 5px;
                    }
                    .dashicons-minus {
                        font-weight: 900;
                    }
                    .dashicons-menu,
                    .dashicons-no-alt {
                        font-size: 25px;
                    }
                    .dashicons-plus {
                        padding-top: 2px;
                    }
                
              </style>
            </div>
          </Button>
        </div>
      </div>
    </div>
    <div
      className="result-item"
    >
      <div
        className="result-item__row-1"
      >
        <div
          className="result-item__source"
        >
          J Test 2
        </div>
        <div>
          2016
        </div>
      </div>
      <div
        className="result-item__row-2"
        dangerouslySetInnerHTML={
          Object {
            "__html": "Test Title 2",
          }
        }
      />
      <div
        className="result-item__row-3"
      >
        <div>
          Author 1, Author 2, Author 3
        </div>
        <div
          className="result-item__buttons"
        >
          <Button
            flat={true}
            focusable={true}
            href="https://www.ncbi.nlm.nih.gov/pubmed/2"
            label="View"
            type="button"
          >
            <div>
              <button
                className="focusable btn-flat"
                onClick={[Function]}
                type="button"
              >
                View
              </button>
              <style
                jsx={true}
              >
                
                    button {
                        -webkit-appearance: none;
                        -webkit-touch-callout: none;
                        -webkit-user-select: none;
                        -khtml-user-select: none;
                        -moz-user-select: none;
                        -ms-user-select: none;
                        user-select: none;
                        background: white;
                        box-sizing: border-box;
                        color: #555555;
                        background-image: none;
                        border: none;
                        border-radius: 2px;
                        box-shadow: 0 1px 3px rgba(0, 0, 0, .12), 0 1px 2px rgba(0, 0, 0, .24);
                        cursor: pointer;
                        display: inline-block;
                        font-size: 13px;
                        font-weight: 500;
                        height: 36px;
                        line-height: 36px;
                        min-width: 64px;
                        outline: 0;
                        padding: 0 16px;
                        text-align: center;
                        text-decoration: none;
                        text-transform: uppercase;
                        transition: 
            box-shadow .2s cubic-bezier(0.4, 0, 1, 1),
            background-color .2s cubic-bezier(0.4, 0, 0.2, 1),
            color .2s cubic-bezier(0.4, 0, 0.2, 1)
        ;
                        vertical-align: middle;
                        white-space: nowrap;
                    }
                    button:hover {
                        box-shadow: 0 3px 6px rgba(0, 0, 0, .16), 0 3px 6px rgba(0, 0, 0, .23);
                    }
                    button:active {
                        box-shadow: 0 3px 6px rgba(0, 0, 0, .16), 0 3px 6px rgba(0, 0, 0, .23);
                    }
                    button:active:hover {
                        box-shadow: 0 10px 20px rgba(0, 0, 0, .19), 0 6px 6px rgba(0, 0, 0, .23);
                        background: rgba(0, 0, 0, 0.12);
                    }
                    button:disabled {
                        pointer-events: none !important;
                        color: #a0a5aa !important;
                    }
                    button.focusable:focus {
                        outline: 1.1px auto rgba(19, 124, 189, 0.5);
                        outline-offset: 2px;
                    }
                    button.focusable:focus:active {
                        outline: 0;
                    }
                    .btn-flat,
                    .btn-flat.btn-primary {
                        background: rgba(0, 0, 0, 0);
                        box-shadow: none !important;
                    }
                    .btn-flat:hover,
                    .btn-flat.btn-primary:hover {
                        background: rgba(158, 158, 158, 0.2);
                    }
                    .btn-flat:active,
                    .btn-flat.btn-primary:active {
                        background: rgba(13, 13, 13, 0.12);
                    }
                    .btn-flat:hover:active,
                    .btn-flat.btn-primary:hover:active {
                        background: rgba(0, 0, 0, 0.12);
                    }
                    .btn-flat.btn-primary {
                        color: #0085ba;
                    }
                    .btn-primary {
                        background: #0085ba;
                        color: white;
                    }
                    .btn-primary:active:hover {
                        background: #007aab;
                    }
                    .btn-primary:disabled {
                        opacity: 0.6;
                        box-shadow: none;
                        color: white !important;
                    }
                    .btn-icon {
                        border-radius: 50%;
                        font-size: 24px;
                        height: 32px;
                        margin: auto 0;
                        min-width: 32px;
                        width: 32px;
                        padding: 0;
                        line-height: normal;
                    }
                    .btn-icon:hover {
                        color: #555555;
                    }

                    .dashicons {
                        line-height: 32px !important;
                        width: 32px;
                        height: 32px;
                    }
                    .dashicons-migrate {
                        transform: rotateY(180deg);
                        padding-left: 5px;
                    }
                    .dashicons-minus {
                        font-weight: 900;
                    }
                    .dashicons-menu,
                    .dashicons-no-alt {
                        font-size: 25px;
                    }
                    .dashicons-plus {
                        padding-top: 2px;
                    }
                
              </style>
            </div>
          </Button>
          <Button
            flat={true}
            focusable={true}
            id="2"
            label="Select"
            onClick={[Function]}
            primary={true}
            type="button"
          >
            <div>
              <button
                className="focusable btn-primary btn-flat"
                id="2"
                onClick={[Function]}
                type="button"
              >
                Select
              </button>
              <style
                jsx={true}
              >
                
                    button {
                        -webkit-appearance: none;
                        -webkit-touch-callout: none;
                        -webkit-user-select: none;
                        -khtml-user-select: none;
                        -moz-user-select: none;
                        -ms-user-select: none;
                        user-select: none;
                        background: white;
                        box-sizing: border-box;
                        color: #555555;
                        background-image: none;
                        border: none;
                        border-radius: 2px;
                        box-shadow: 0 1px 3px rgba(0, 0, 0, .12), 0 1px 2px rgba(0, 0, 0, .24);
                        cursor: pointer;
                        display: inline-block;
                        font-size: 13px;
                        font-weight: 500;
                        height: 36px;
                        line-height: 36px;
                        min-width: 64px;
                        outline: 0;
                        padding: 0 16px;
                        text-align: center;
                        text-decoration: none;
                        text-transform: uppercase;
                        transition: 
            box-shadow .2s cubic-bezier(0.4, 0, 1, 1),
            background-color .2s cubic-bezier(0.4, 0, 0.2, 1),
            color .2s cubic-bezier(0.4, 0, 0.2, 1)
        ;
                        vertical-align: middle;
                        white-space: nowrap;
                    }
                    button:hover {
                        box-shadow: 0 3px 6px rgba(0, 0, 0, .16), 0 3px 6px rgba(0, 0, 0, .23);
                    }
                    button:active {
                        box-shadow: 0 3px 6px rgba(0, 0, 0, .16), 0 3px 6px rgba(0, 0, 0, .23);
                    }
                    button:active:hover {
                        box-shadow: 0 10px 20px rgba(0, 0, 0, .19), 0 6px 6px rgba(0, 0, 0, .23);
                        background: rgba(0, 0, 0, 0.12);
                    }
                    button:disabled {
                        pointer-events: none !important;
                        color: #a0a5aa !important;
                    }
                    button.focusable:focus {
                        outline: 1.1px auto rgba(19, 124, 189, 0.5);
                        outline-offset: 2px;
                    }
                    button.focusable:focus:active {
                        outline: 0;
                    }
                    .btn-flat,
                    .btn-flat.btn-primary {
                        background: rgba(0, 0, 0, 0);
                        box-shadow: none !important;
                    }
                    .btn-flat:hover,
                    .btn-flat.btn-primary:hover {
                        background: rgba(158, 158, 158, 0.2);
                    }
                    .btn-flat:active,
                    .btn-flat.btn-primary:active {
                        background: rgba(13, 13, 13, 0.12);
                    }
                    .btn-flat:hover:active,
                    .btn-flat.btn-primary:hover:active {
                        background: rgba(0, 0, 0, 0.12);
                    }
                    .btn-flat.btn-primary {
                        color: #0085ba;
                    }
                    .btn-primary {
                        background: #0085ba;
                        color: white;
                    }
                    .btn-primary:active:hover {
                        background: #007aab;
                    }
                    .btn-primary:disabled {
                        opacity: 0.6;
                        box-shadow: none;
                        color: white !important;
                    }
                    .btn-icon {
                        border-radius: 50%;
                        font-size: 24px;
                        height: 32px;
                        margin: auto 0;
                        min-width: 32px;
                        width: 32px;
                        padding: 0;
                        line-height: normal;
                    }
                    .btn-icon:hover {
                        color: #555555;
                    }

                    .dashicons {
                        line-height: 32px !important;
                        width: 32px;
                        height: 32px;
                    }
                    .dashicons-migrate {
                        transform: rotateY(180deg);
                        padding-left: 5px;
                    }
                    .dashicons-minus {
                        font-weight: 900;
                    }
                    .dashicons-menu,
                    .dashicons-no-alt {
                        font-size: 25px;
                    }
                    .dashicons-plus {
                        padding-top: 2px;
                    }
                
              </style>
            </div>
          </Button>
        </div>
      </div>
    </div>
    <style
      jsx={true}
    >
      
                    .result-list {
                        max-height: calc(100vh - 240px);
                        overflow-y: auto;
                        overflow-x: hidden;
                    }
                    .result-item {
                        border-bottom: 1px solid rgba(0, 0, 0, 0.12);
                    }
                    .result-item__source {
                        font-style: italic;
                    }
                    .result-item__buttons {
                        display: flex;
                    }
                    .result-item__row-1 {
                        padding: 0 16px;
                        padding-top: 16px;
                        font-size: 14px;
                        line-height: 18px;
                        display: flex;
                        justify-content: space-between;
                        color: rgba(0, 0, 0, 0.54);
                    }
                    .result-item__row-2 {
                        padding: 0 16px;
                        font-size: 16px;
                        line-height: 20px;
                        padding: 8px 16px;
                    }
                    .result-item__row-3 {
                        padding: 0 8px 4px;
                        color: rgba(0, 0, 0, 0.54);
                        line-height: 18px;
                        font-size: 14px;
                        padding-right: 8px;
                        padding-left: 16px;
                        display: flex;
                        justify-content: space-between;
                    }
                
    </style>
  </div>
</ResultList>
`;

exports[`<ResultList /> should match snapshots 2`] = `
<ResultList
  onSelect={[Function]}
  results={Array []}
>
  <div
    className="result-list"
    onWheel={[Function]}
  >
    <style
      jsx={true}
    >
      
                    .result-list {
                        max-height: calc(100vh - 240px);
                        overflow-y: auto;
                        overflow-x: hidden;
                    }
                    .result-item {
                        border-bottom: 1px solid rgba(0, 0, 0, 0.12);
                    }
                    .result-item__source {
                        font-style: italic;
                    }
                    .result-item__buttons {
                        display: flex;
                    }
                    .result-item__row-1 {
                        padding: 0 16px;
                        padding-top: 16px;
                        font-size: 14px;
                        line-height: 18px;
                        display: flex;
                        justify-content: space-between;
                        color: rgba(0, 0, 0, 0.54);
                    }
                    .result-item__row-2 {
                        padding: 0 16px;
                        font-size: 16px;
                        line-height: 20px;
                        padding: 8px 16px;
                    }
                    .result-item__row-3 {
                        padding: 0 8px 4px;
                        color: rgba(0, 0, 0, 0.54);
                        line-height: 18px;
                        font-size: 14px;
                        padding-right: 8px;
                        padding-left: 16px;
                        display: flex;
                        justify-content: space-between;
                    }
                
    </style>
  </div>
</ResultList>
`;
